// Jest Snapshot v1, https://goo.gl/fbAQLP

exports[`SignUp component Snapshots matches 1`] = `<signupform-stub />`;
