// Jest Snapshot v1, https://goo.gl/fbAQLP

exports[`ProgressBar component Snapshots matches 1`] = `
<div
  class="progress"
>
  <div
    aria-valuemax="100"
    aria-valuemin="0"
    aria-valuenow="100"
    class="progressBar progressBar progressBarStriped progressBarAnimated"
    role="progressbar"
  />
</div>
`;
