// Jest Snapshot v1, https://goo.gl/fbAQLP

exports[`App component Snapshots matches 1`] = `
<div
  id="app"
>
  <navheader-stub />
   
  <router-view-stub
    name="default"
  />
</div>
`;
