// Jest Snapshot v1, https://goo.gl/fbAQLP

exports[`Home component Snapshots matches 1`] = `
<div>
  <h1>
    Home page
  </h1>
   
  <button>
    
    Click here for test API
  
  </button>
</div>
`;
