// Jest Snapshot v1, https://goo.gl/fbAQLP

exports[`NavLogin component Snapshots matches 1`] = `
<div>
  NavLogin
</div>
`;
